[0m14:01:33.686378 [debug] [MainThread]: Sending event: {'category': 'dbt', 'action': 'invocation', 'label': 'start', 'context': [<snowplow_tracker.self_describing_json.SelfDescribingJson object at 0x00000151D91DD190>, <snowplow_tracker.self_describing_json.SelfDescribingJson object at 0x00000151D91CDE50>, <snowplow_tracker.self_describing_json.SelfDescribingJson object at 0x00000151D91CD490>]}


============================== 14:01:33.690417 | c7e4cb61-fc93-4d81-a4a2-7e1fecf055d1 ==============================
[0m14:01:33.690417 [info ] [MainThread]: Running with dbt=1.11.12
[0m14:01:33.691443 [debug] [MainThread]: running dbt with arguments {'static_parser': 'True', 'no_print': 'None', 'version_check': 'True', 'target_path': 'None', 'warn_error_options': 'WarnErrorOptionsV2(error=[], warn=[], silence=[])', 'printer_width': '80', 'write_json': 'True', 'empty': 'None', 'log_cache_events': 'False', 'introspect': 'True', 'cache_selected_only': 'False', 'fail_fast': 'False', 'debug': 'True', 'log_format': 'default', 'partial_parse': 'True', 'send_anonymous_usage_stats': 'True', 'quiet': 'False', 'warn_error': 'None', 'profiles_dir': 'C:\\Users\\COMPUMARTS\\.dbt', 'invocation_command': 'dbt debug --debug', 'use_colors': 'True', 'indirect_selection': 'eager', 'use_experimental_parser': 'False', 'log_path': 'logs'}
[0m14:01:33.758603 [info ] [MainThread]: dbt version: 1.11.12
[0m14:01:33.759639 [info ] [MainThread]: python version: 3.11.9
[0m14:01:33.760980 [info ] [MainThread]: python path: C:\Users\COMPUMARTS\OneDrive\Documents\HR-PLATFORM\.venv\Scripts\python.exe
[0m14:01:33.760980 [info ] [MainThread]: os info: Windows-10-10.0.26200-SP0
[0m14:01:34.810334 [debug] [MainThread]: Snowflake adapter: Setting snowflake.connector to ERROR (file logging only)
[0m14:01:34.810334 [debug] [MainThread]: Snowflake adapter: Setting botocore to ERROR (file logging only)
[0m14:01:34.811325 [debug] [MainThread]: Snowflake adapter: Setting boto3 to ERROR (file logging only)
[0m14:01:34.887136 [info ] [MainThread]: Error importing adapter: No module named 'dbt.adapters.sqlserver'
[0m14:01:34.891415 [info ] [MainThread]: Using profiles dir at C:\Users\COMPUMARTS\.dbt
[0m14:01:34.891415 [info ] [MainThread]: Using profiles.yml file at C:\Users\COMPUMARTS\.dbt\profiles.yml
[0m14:01:34.892427 [info ] [MainThread]: Using dbt_project.yml file at C:\Users\COMPUMARTS\OneDrive\Documents\HR-PLATFORM\dbt_project.yml
[0m14:01:34.893427 [info ] [MainThread]: Configuration:
[0m14:01:34.893427 [info ] [MainThread]:   profiles.yml file [[31mERROR invalid[0m]
[0m14:01:34.894502 [info ] [MainThread]:   dbt_project.yml file [[31mERROR not found[0m]
[0m14:01:34.895503 [info ] [MainThread]: Required dependencies:
[0m14:01:34.895503 [debug] [MainThread]: Executing "git --help"
[0m14:01:34.940053 [debug] [MainThread]: STDOUT: "b"usage: git [-v | --version] [-h | --help] [-C <path>] [-c <name>=<value>]\n           [--exec-path[=<path>]] [--html-path] [--man-path] [--info-path]\n           [-p | --paginate | -P | --no-pager] [--no-replace-objects] [--no-lazy-fetch]\n           [--no-optional-locks] [--no-advice] [--bare] [--git-dir=<path>]\n           [--work-tree=<path>] [--namespace=<name>] [--config-env=<name>=<envvar>]\n           <command> [<args>]\n\nThese are common Git commands used in various situations:\n\nstart a working area (see also: git help tutorial)\n   clone      Clone a repository into a new directory\n   init       Create an empty Git repository or reinitialize an existing one\n\nwork on the current change (see also: git help everyday)\n   add        Add file contents to the index\n   mv         Move or rename a file, a directory, or a symlink\n   restore    Restore working tree files\n   rm         Remove files from the working tree and from the index\n\nexamine the history and state (see also: git help revisions)\n   bisect     Use binary search to find the commit that introduced a bug\n   diff       Show changes between commits, commit and working tree, etc\n   grep       Print lines matching a pattern\n   log        Show commit logs\n   show       Show various types of objects\n   status     Show the working tree status\n\ngrow, mark and tweak your common history\n   backfill   Download missing objects in a partial clone\n   branch     List, create, or delete branches\n   commit     Record changes to the repository\n   merge      Join two or more development histories together\n   rebase     Reapply commits on top of another base tip\n   reset      Reset current HEAD to the specified state\n   switch     Switch branches\n   tag        Create, list, delete or verify a tag object signed with GPG\n\ncollaborate (see also: git help workflows)\n   fetch      Download objects and refs from another repository\n   pull       Fetch from and integrate with another repository or a local branch\n   push       Update remote refs along with associated objects\n\n'git help -a' and 'git help -g' list available subcommands and some\nconcept guides. See 'git help <command>' or 'git help <concept>'\nto read about a specific subcommand or concept.\nSee 'git help git' for an overview of the system.\n""
[0m14:01:34.941052 [debug] [MainThread]: STDERR: "b''"
[0m14:01:34.942156 [info ] [MainThread]:  - git [[32mOK found[0m]

[0m14:01:34.942156 [info ] [MainThread]: Connection test skipped since no profile was found
[0m14:01:34.942156 [info ] [MainThread]: [31m2 checks failed:[0m
[0m14:01:34.943481 [info ] [MainThread]: Could not load dbt_project.yml
Profile loading failed for the following reason:
Runtime Error
  Credentials in profile "airbnb_dbt", target "dev" invalid: Runtime Error
    Could not find adapter type sqlserver!


[0m14:01:34.944483 [info ] [MainThread]: Project loading failed for the following reason:
 project path <C:\Users\COMPUMARTS\OneDrive\Documents\HR-PLATFORM\dbt_project.yml> not found

[0m14:01:34.945485 [debug] [MainThread]: Command `dbt debug` failed at 14:01:34.945485 after 1.36 seconds
[0m14:01:34.946486 [debug] [MainThread]: Sending event: {'category': 'dbt', 'action': 'invocation', 'label': 'end', 'context': [<snowplow_tracker.self_describing_json.SelfDescribingJson object at 0x00000151D7DCB4D0>, <snowplow_tracker.self_describing_json.SelfDescribingJson object at 0x00000151D91CD490>, <snowplow_tracker.self_describing_json.SelfDescribingJson object at 0x00000151D91CEED0>]}
[0m14:01:34.947606 [debug] [MainThread]: Flushing usage events
[0m14:01:36.355649 [debug] [MainThread]: An error was encountered while trying to flush usage events
